// Jest Snapshot v1, https://goo.gl/fbAQLP

exports[`NewCardForm that it matches an existing snapshot 1`] = `
<form
  className="new-card-form__form"
  id="newcardform"
  onSubmit={[Function]}
>
  <label
    className="new-card-form__form-label"
    htmlFor="text"
  >
    Text
  </label>
  <textarea
    className="new-card-form__form-textarea"
    form="newcardform"
    name="text"
    onChange={[Function]}
    value=""
  />
  <label
    className="new-card-form__form-label"
    htmlFor="emoji"
  >
    Emoji
  </label>
  <select
    className="new-card-form__form-select"
    name="emoji"
    onChange={[Function]}
    value=""
  >
    <option
      key="0"
      value=""
    />
    <option
      key="1"
      value="heart_eyes"
    >
      😍
    </option>
    <option
      key="2"
      value="beer"
    >
      🍺
    </option>
    <option
      key="3"
      value="clap"
    >
      👏
    </option>
    <option
      key="4"
      value="sparkling_heart"
    >
      💖
    </option>
    <option
      key="5"
      value="heart_eyes_cat"
    >
      😻
    </option>
    <option
      key="6"
      value="dog"
    >
      🐶
    </option>
  </select>
  <input
    className="new-card-form__form-button"
    type="submit"
    value="Create Card"
  />
</form>
`;
